
gemma2_9b.csv quality distribution:
  Mauvaise qualité (False): 82.24% (n=264/321)
  Bonne qualité (True): 7.48% (n=24/321)

medGemma_4b.csv quality distribution:
  Mauvaise qualité (False): 92.63% (n=1043/1126)
  Bonne qualité (True): 7.37% (n=83/1126)

medGemma_27b.csv quality distribution:
  Mauvaise qualité (0.0): 84.63% (n=1217/1438)
  Bonne qualité (1.0): 5.35% (n=77/1438)

llama3_1_8b.csv quality distribution:
  Mauvaise qualité (False): 93.14% (n=1154/1239)
  Bonne qualité (True): 6.86% (n=85/1239)

qwen3_8b.csv quality distribution:
  Mauvaise qualité (False): 92.18% (n=837/908)
  Bonne qualité (True): 7.82% (n=71/908)

mistral_7b.csv quality distribution:
  Mauvaise qualité (False): 91.13% (n=945/1037)
  Bonne qualité (True): 8.87% (n=92/1037)

eurollm_9b.csv quality distribution:
  Mauvaise qualité (False): 85.24% (n=745/874)
  Bonne qualité (True): 14.76% (n=129/874)

apertus_8B.csv quality distribution:
  Mauvaise qualité (False): 87.32% (n=957/1096)
  Bonne qualité (True): 12.68% (n=139/1096)


gemma4_31b.csv quality distribution:
  Mauvaise qualité (False): 96.61% (n=1338/1385)
  Bonne qualité (True): 3.39% (n=47/1385)

mixtral_8x7b.csv quality distribution:
  Mauvaise qualité (False): 89.81% (n=1075/1197)
  Bonne qualité (True): 10.19% (n=122/1197)
