Incorrect output for llama3_1_8b: 0.0%
Number of correct MCQs for llama3_1_8b 0 / 2
Incorrect output for gemma2_9b: 0.0%
Number of correct MCQs for gemma2_9b 2 / 2
Incorrect output for medGemma_4b: 0.0%
Number of correct MCQs for medGemma_4b 2 / 2
Incorrect output for llama3_1_8b: 0.0%
Number of correct MCQs for llama3_1_8b 5 / 6
Incorrect output for llama3_1_8b: 0.0%
Number of correct MCQs for llama3_1_8b 5 / 6
Incorrect output for llama3_1_8b: 0.0%
Number of correct MCQs for llama3_1_8b 6 / 6
Incorrect output for llama3_1_8b: 0.0%
Number of correct MCQs for llama3_1_8b 5 / 6
Incorrect output for llama3_1_8b: 0.0%
Number of correct MCQs for llama3_1_8b 6 / 6
Incorrect output for llama3_1_8b: 0.0%
Number of correct MCQs for llama3_1_8b 4 / 6
Incorrect output for medGemma_4b: 99.94%
Number of correct MCQs for medGemma_4b 2 / 2
Incorrect output for medGemma_27b: 0.13%
Number of correct MCQs for medGemma_27b 2872 / 3180
