✓ Subset de sheets : 1-3

========================================
  Modèles : gemma4_31b magistral_small nemotron_nano_30b qwen3_5_35b_a3b
========================================

════════════════════════════════════════
  Modèle : gemma4_31b
════════════════════════════════════════
[skip] gemma4_31b/old déjà complété
[skip] gemma4_31b/new déjà complété

════════════════════════════════════════
  Modèle : magistral_small
════════════════════════════════════════

--- [old] Modèle : magistral_small ---
  → Génération...
Number of lisa sheets : 1592
✓ Subset : 3 lisa sheets (indexes: ['1-3'])
[prompt_builder] PROMPT_SYSTEM=old → ancien prompt
Erreur détectée (ValueError), relance...
[prompt_builder] PROMPT_SYSTEM=old → ancien prompt
Erreur détectée (ValueError), relance...
[prompt_builder] PROMPT_SYSTEM=old → ancien prompt
Erreur détectée (ValueError), relance...
[prompt_builder] PROMPT_SYSTEM=old → ancien prompt
Erreur détectée (ValueError), relance...
[prompt_builder] PROMPT_SYSTEM=old → ancien prompt
Erreur détectée (ValueError), relance...
Nombre d'essais dépassé, passage au Lisa Sheet suivant
[prompt_builder] PROMPT_SYSTEM=old → ancien prompt
Erreur détectée (ValueError), relance...
[prompt_builder] PROMPT_SYSTEM=old → ancien prompt
Erreur détectée (ValueError), relance...
[prompt_builder] PROMPT_SYSTEM=old → ancien prompt
Erreur détectée (ValueError), relance...
[prompt_builder] PROMPT_SYSTEM=old → ancien prompt
Erreur détectée (ValueError), relance...
[prompt_builder] PROMPT_SYSTEM=old → ancien prompt
Erreur détectée (ValueError), relance...
Nombre d'essais dépassé, passage au Lisa Sheet suivant
[prompt_builder] PROMPT_SYSTEM=old → ancien prompt
Erreur détectée (ValueError), relance...
[prompt_builder] PROMPT_SYSTEM=old → ancien prompt
Erreur détectée (ValueError), relance...
[prompt_builder] PROMPT_SYSTEM=old → ancien prompt
Erreur détectée (ValueError), relance...
[prompt_builder] PROMPT_SYSTEM=old → ancien prompt
Erreur détectée (ValueError), relance...
[prompt_builder] PROMPT_SYSTEM=old → ancien prompt
Erreur détectée (ValueError), relance...
Nombre d'essais dépassé, passage au Lisa Sheet suivant
[WARN] Aucune génération réussie pour magistral_small, CSV vide.
[WARN] Aucun MCQ généré pour magistral_small, on arrête.
[WARN] Génération échouée pour magistral_small/old, on continue.

--- [new] Modèle : magistral_small ---
  → Génération...
Number of lisa sheets : 1592
✓ Subset : 3 lisa sheets (indexes: ['1-3'])
[prompt_builder] searching GraphDB for: 'Responsabilités médicale pénale, civile, administrative et disciplinaire'
[prompt_builder] enriched prompt → Item 5 (15 objectives)
Erreur détectée (ValueError), relance...
[prompt_builder] searching GraphDB for: 'Responsabilités médicale pénale, civile, administrative et disciplinaire'
[prompt_builder] enriched prompt → Item 5 (15 objectives)
Erreur détectée (ValueError), relance...
[prompt_builder] searching GraphDB for: 'Responsabilités médicale pénale, civile, administrative et disciplinaire'
[prompt_builder] enriched prompt → Item 5 (15 objectives)
Erreur détectée (ValueError), relance...
[prompt_builder] searching GraphDB for: 'Responsabilités médicale pénale, civile, administrative et disciplinaire'
[prompt_builder] enriched prompt → Item 5 (15 objectives)
Erreur détectée (ValueError), relance...
[prompt_builder] searching GraphDB for: 'Responsabilités médicale pénale, civile, administrative et disciplinaire'
[prompt_builder] enriched prompt → Item 5 (15 objectives)
Erreur détectée (ValueError), relance...
Nombre d'essais dépassé, passage au Lisa Sheet suivant
[prompt_builder] searching GraphDB for: 'Responsabilités médicale pénale, civile, administrative et disciplinaire'
[prompt_builder] enriched prompt → Item 5 (15 objectives)
Erreur détectée (ValueError), relance...
[prompt_builder] searching GraphDB for: 'Responsabilités médicale pénale, civile, administrative et disciplinaire'
[prompt_builder] enriched prompt → Item 5 (15 objectives)
Erreur détectée (ValueError), relance...
[prompt_builder] searching GraphDB for: 'Responsabilités médicale pénale, civile, administrative et disciplinaire'
[prompt_builder] enriched prompt → Item 5 (15 objectives)
Erreur détectée (ValueError), relance...
[prompt_builder] searching GraphDB for: 'Responsabilités médicale pénale, civile, administrative et disciplinaire'
[prompt_builder] enriched prompt → Item 5 (15 objectives)
Erreur détectée (ValueError), relance...
[prompt_builder] searching GraphDB for: 'Responsabilités médicale pénale, civile, administrative et disciplinaire'
[prompt_builder] enriched prompt → Item 5 (15 objectives)
Erreur détectée (ValueError), relance...
Nombre d'essais dépassé, passage au Lisa Sheet suivant
[prompt_builder] searching GraphDB for: 'Responsabilités médicale pénale, civile, administrative et disciplinaire'
[prompt_builder] enriched prompt → Item 5 (15 objectives)
Erreur détectée (ValueError), relance...
[prompt_builder] searching GraphDB for: 'Responsabilités médicale pénale, civile, administrative et disciplinaire'
[prompt_builder] enriched prompt → Item 5 (15 objectives)
Erreur détectée (ValueError), relance...
[prompt_builder] searching GraphDB for: 'Responsabilités médicale pénale, civile, administrative et disciplinaire'
[prompt_builder] enriched prompt → Item 5 (15 objectives)
Erreur détectée (ValueError), relance...
[prompt_builder] searching GraphDB for: 'Responsabilités médicale pénale, civile, administrative et disciplinaire'
[prompt_builder] enriched prompt → Item 5 (15 objectives)
Erreur détectée (ValueError), relance...
[prompt_builder] searching GraphDB for: 'Responsabilités médicale pénale, civile, administrative et disciplinaire'
[prompt_builder] enriched prompt → Item 5 (15 objectives)
Erreur détectée (ValueError), relance...
Nombre d'essais dépassé, passage au Lisa Sheet suivant
[WARN] Aucune génération réussie pour magistral_small, CSV vide.
[WARN] Aucun MCQ généré pour magistral_small, on arrête.
[WARN] Génération échouée pour magistral_small/new, on continue.

════════════════════════════════════════
  Modèle : nemotron_nano_30b
════════════════════════════════════════

--- [old] Modèle : nemotron_nano_30b ---
  → Génération...
Number of lisa sheets : 1592
✓ Subset : 3 lisa sheets (indexes: ['1-3'])
[prompt_builder] PROMPT_SYSTEM=old → ancien prompt
Erreur détectée (SyntaxError), relance...
[prompt_builder] PROMPT_SYSTEM=old → ancien prompt
Erreur détectée (SyntaxError), relance...
[prompt_builder] PROMPT_SYSTEM=old → ancien prompt
raw answer :  {"question": "...", "answer": "a", "justification": "..."}
[prompt_builder] PROMPT_SYSTEM=old → ancien prompt
Erreur détectée (SyntaxError), relance...
[prompt_builder] PROMPT_SYSTEM=old → ancien prompt
Erreur détectée (SyntaxError), relance...
[prompt_builder] PROMPT_SYSTEM=old → ancien prompt
Erreur détectée (SyntaxError), relance...
[prompt_builder] PROMPT_SYSTEM=old → ancien prompt
Erreur détectée (SyntaxError), relance...
[prompt_builder] PROMPT_SYSTEM=old → ancien prompt
Erreur détectée (SyntaxError), relance...
Nombre d'essais dépassé, passage au Lisa Sheet suivant
[prompt_builder] PROMPT_SYSTEM=old → ancien prompt
Erreur détectée (SyntaxError), relance...
[prompt_builder] PROMPT_SYSTEM=old → ancien prompt
Erreur détectée (SyntaxError), relance...
[prompt_builder] PROMPT_SYSTEM=old → ancien prompt
Erreur détectée (SyntaxError), relance...
[prompt_builder] PROMPT_SYSTEM=old → ancien prompt
Erreur détectée (SyntaxError), relance...
[prompt_builder] PROMPT_SYSTEM=old → ancien prompt
raw answer :  {"question": "...", "question_comment": "...", "option_a": "...", "option_a_comment": "...", "option_b_comment": "...", "option_c": "...", "option_d": "...", "option_d_comment": "...", "correct_option": "a"}
Validation failed: 5 validation errors for MCQQuestion
option_a
  Field required [type=missing, input_value={'question': '...', 'answ... 'justification': '...'}, input_type=dict]
    For further information visit https://errors.pydantic.dev/2.9/v/missing
option_b
  Field required [type=missing, input_value={'question': '...', 'answ... 'justification': '...'}, input_type=dict]
    For further information visit https://errors.pydantic.dev/2.9/v/missing
option_c
  Field required [type=missing, input_value={'question': '...', 'answ... 'justification': '...'}, input_type=dict]
    For further information visit https://errors.pydantic.dev/2.9/v/missing
option_d
  Field required [type=missing, input_value={'question': '...', 'answ... 'justification': '...'}, input_type=dict]
    For further information visit https://errors.pydantic.dev/2.9/v/missing
correct_option
  Field required [type=missing, input_value={'question': '...', 'answ... 'justification': '...'}, input_type=dict]
    For further information visit https://errors.pydantic.dev/2.9/v/missing
Validation failed: 1 validation error for MCQQuestion
option_b
  Field required [type=missing, input_value={'question': '...', 'ques..., 'correct_option': 'a'}, input_type=dict]
    For further information visit https://errors.pydantic.dev/2.9/v/missing
0
  → Évaluation...
✓ Model: nemotron_nano_30b
✓ Generated QCM file: nemotron_nano_30b.csv
⚠ No indexes provided (optional)
[WARN] Évaluation échouée pour nemotron_nano_30b/old, on continue.

--- [new] Modèle : nemotron_nano_30b ---
  → Génération...
Number of lisa sheets : 1592
✓ Subset : 3 lisa sheets (indexes: ['1-3'])
