Number of lisa sheets : 1592
{
  "question1": "Quel est l'objectif principal de l'assurance de responsabilité civile professionnelle pour les médecins et les établissements de santé?",
  "question1_comment": "Cette question évalue la compréhension de l'objectif de l'assurance de responsabilité civile professionnelle.",
  "option_a1": "Assurer la responsabilité pénale des professionnels de santé",
  "option_a1_comment": "Cette option est incorrecte car l'assurance de responsabilité civile professionnelle n'a pas pour objectif de garantir la responsabilité pénale.",
  "option_b1": "Indemniser les victimes des conséquences d'un événement indésirable associé aux soins",
  "option_b1_comment": "Cette option est correcte car l'assurance de responsabilité civile professionnelle a pour objectif principal d'indemniser les victimes.",
  "option_c1": "Couvrir les coûts de la formation continue des professionnels de santé",
  "option_c1_comment": "Cette option est incorrecte car l'assurance de responsabilité civile professionnelle n'a pas pour objectif de couvrir les coûts de la formation continue.",
  "option_d1": "Assurer la responsabilité administrative des établissements de santé",
  "option_d1_comment": "Cette option est incorrecte car l'assurance de responsabilité civile professionnelle n'a pas pour objectif de garantir la responsabilité administrative.",
  "correct_option1": "b",

  "question2": "Quel est le type de dommage qui peut être indemnisé en cas de défaut d'information du patient?",
  "question2_comment": "Cette question évalue la compréhension du type de dommage qui peut être indemnisé en cas de défaut d'information.",
  "option_a2": "Le dommage physique",
  "option_a2_comment": "Cette option est incorrecte car le dommage physique n'est pas le type de dommage qui peut être indemnisé en cas de défaut d'information.",
  "option_b2": "La perte de chance de survie ou de guérison",
  "option_b2_comment": "Cette option est incorrecte car la perte de chance de survie ou de guérison est un type de dommage qui peut être indemnisé en cas de faute, mais pas en cas de défaut d'information.",
  "option_c2": "Le préjudice d'impréparation",
  "option_c2_comment": "Cette option est correcte car le préjudice d'impréparation est un type de dommage qui peut être indemnisé en cas de défaut d'information.",
  "option_d2": "La perte de chance d'avoir échappé à un risque qui s'est réalisé",
  "option_d2_comment": "Cette option est incorrecte car la perte de chance d'avoir échappé à un risque qui s'est réalisé est un type de dommage qui peut être indemnisé en cas de faute, mais pas en cas de défaut d'information.",
  "correct_option2": "c"
}
{
  "question1": "Quel est le but de la responsabilité pénale?",
  "question1_comment": "Cette question évalue la compréhension de la fonction de la responsabilité pénale.",
  "option_a1": "Sanctionner les individus pour leurs erreurs médicales",
  "option_a1_comment": "Cette option est correcte car la responsabilité pénale a pour vocation de sanctionner des individus dont le comportement est réprouvé dans notre société.",
  "option_b1": "Protéger les patients contre les erreurs médicales",
  "option_b1_comment": "Cette option est incorrecte car la responsabilité pénale n'est pas principalement destinée à protéger les patients.",
  "option_c1": "Réparer les dommages causés aux patients",
  "option_c1_comment": "Cette option est incorrecte car la responsabilité pénale n'est pas principalement destinée à réparer les dommages causés aux patients.",
  "option_d1": "Encourager les médecins à prendre des risques",
  "option_d1_comment": "Cette option est incorrecte car la responsabilité pénale n'est pas destinée à encourager les médecins à prendre des risques.",
  "correct_option1": "a",

  "question2": "Qui décide des suites à donner aux plaintes en matière de responsabilité pénale?",
  "question2_comment": "Cette question évalue la compréhension de la procédure de poursuites en matière de responsabilité pénale.",
  "option_a2": "Le juge",
  "option_a2_comment": "Cette option est incorrecte car le juge n'est pas responsable de décider des suites à donner aux plaintes.",
  "option_b2": "Le procureur de la République",
  "option_b2_comment": "Cette option est correcte car l'initiative des poursuites appartient au procureur de la République.",
  "option_c2": "Le patient victime",
  "option_c2_comment": "Cette option est incorrecte car le patient victime n'a pas la responsabilité de décider des suites à donner aux plaintes.",
  "option_d2": "L'établissement de santé",
  "option_d2_comment": "Cette option est incorrecte car l'établissement de santé n'a pas la responsabilité de décider des suites à donner aux plaintes.",
  "correct_option2": "b"
}
{
  "question1": "Quels professionnels engagent leur responsabilité civile devant les juridictions de l’ordre judiciaire?",
  "question1_comment": "Cette question évalue la compréhension de la définition de la responsabilité civile. Attention aux professionnels qui ne sont pas mentionnés dans le texte.",
  "option_a1": "Les médecins salariés d’établissements, services ou organismes privés",
  "option_a1_comment": "Incorrect, car les médecins salariés ne sont pas responsables civilement pour les dommages causés à un patient.",
  "option_b1": "Les professionnels exerçant à titre libéral et les établissements de santé privés",
  "option_b1_comment": "Correct, car ils engagent leur responsabilité civile devant les juridictions de l’ordre judiciaire.",
  "option_c1": "Les praticiens hospitaliers",
  "option_c1_comment": "Incorrect, car les praticiens hospitaliers ne sont pas responsables civilement pour les dommages causés à un patient dans leur secteur d’activité libérale.",
  "option_d1": "Les patients",
  "option_d1_comment": "Incorrect, car les patients ne sont pas responsables civilement pour les dommages causés à d’autres patients.",
  "correct_option1": "b",

  "question2": "Quels professionnels ne sont pas responsables civilement pour les dommages causés à un patient dans leur secteur d’activité libérale?",
  "question2_comment": "Cette question évalue la compréhension de la définition de la responsabilité civile. Attention aux professionnels qui sont mentionnés dans le texte.",
  "option_a2": "Les médecins salariés d’établissements, services ou organismes privés",
  "option_a2_comment": "Correct, car ils ne sont pas responsables civilement pour les dommages causés à un patient.",
  "option_b2": "Les professionnels exerçant à titre libéral et les établissements de santé privés",
  "option_b2_comment": "Incorrect, car ils engagent leur responsabilité civile devant les juridictions de l’ordre judiciaire.",
  "option_c2": "Les praticiens hospitaliers",
  "option_c2_comment": "Incorrect, car les praticiens hospitaliers engagent leur responsabilité civile professionnelle à raison des dommages survenus dans leur secteur d’activité libérale.",
  "option_d2": "Les patients",
  "option_d2_comment": "Incorrect, car les patients ne sont pas responsables civilement pour les dommages causés à d’autres patients.",
  "correct_option2": "a"
}
{
  "question1": "Quelle est la responsabilité engagée lorsque les médecins hospitaliers commettent une faute?",
  "question1_comment": "Cette question évalue la compréhension de la responsabilité administrative et la distinction entre la faute de service et la faute personnelle.",
  "option_a1": "La responsabilité civile personnelle du médecin",
  "option_a1_comment": "Cette option est incorrecte car la responsabilité civile personnelle du médecin n'est engagée que dans le cas de la faute personnelle ou détachable du service.",
  "option_b1": "La responsabilité de l'établissement public de santé",
  "option_b1_comment": "Cette option est correcte car la jurisprudence administrative a défini que c'est la responsabilité de l'établissement public de santé qui est engagée devant les juridictions de l'ordre administratif.",
  "option_c1": "La responsabilité du patient",
  "option_c1_comment": "Cette option est incorrecte car le patient n'a pas de responsabilité juridique envers le médecin ou l'établissement public de santé.",
  "option_d1": "La responsabilité du gouvernement",
  "option_d1_comment": "Cette option est incorrecte car la responsabilité du gouvernement n'est pas directement engagée dans ce contexte.",
  "correct_option1": "b",

  "question2": "Quelle est la caractéristique de la faute de service?",
  "question2_comment": "Cette question évalue la compréhension de la typologie des fautes susceptibles d'engager la responsabilité du service public.",
  "option_a2": "La faute commise en dehors du service",
  "option_a2_comment": "Cette option est incorrecte car la faute de service est commise dans l'exercice de ses fonctions, c'est-à-dire pendant le service.",
  "option_b2": "La faute commise avec les moyens du service",
  "option_b2_comment": "Cette option est correcte car la faute de service est commise avec les moyens du service.",
  "option_c2": "La faute commise en dehors de tout intérêt personnel",
  "option_c2_comment": "Cette option est correcte car la faute de service est commise en dehors de tout intérêt personnel.",
  "option_d2": "La faute commise par un agent public en dehors de ses fonctions",
  "option_d2_comment": "Cette option est incorrecte car la faute de service est commise par un agent public dans l'exercice de ses fonctions.",
  "correct_option2": "c"
}
{
  "question1": "Quelle est la définition de la responsabilité disciplinaire?",
  "question1_comment": "Cette question évalue la compréhension de la définition de la responsabilité disciplinaire.",
  "option_a1": "La responsabilité disciplinaire est encourue devant les tribunaux pénaux.",
  "option_a1_comment": "Cette option est incorrecte car la responsabilité disciplinaire est encourue devant les instances de l'Ordre des médecins.",
  "option_b1": "La responsabilité disciplinaire est encourue devant les instances de l'Ordre des médecins.",
  "option_b1_comment": "Cette option est correcte car la responsabilité disciplinaire est encourue devant les instances de l'Ordre des médecins.",
  "option_c1": "La responsabilité disciplinaire est encourue devant les tribunaux civiles.",
  "option_c1_comment": "Cette option est incorrecte car la responsabilité disciplinaire est encourue devant les instances de l'Ordre des médecins.",
  "option_d1": "La responsabilité disciplinaire est encourue devant les instances administratives.",
  "option_d1_comment": "Cette option est incorrecte car la responsabilité disciplinaire est encourue devant les instances de l'Ordre des médecins.",
  "correct_option1": "b",

  "question2": "Qui peut saisir la chambre disciplinaire du conseil régional de l'Ordre pour les médecins libéraux?",
  "question2_comment": "Cette question évalue la compréhension de la procédure de saisine de la chambre disciplinaire du conseil régional de l'Ordre.",
  "option_a2": "Seul le conseil national de l'Ordre peut saisir la chambre disciplinaire du conseil régional de l'Ordre.",
  "option_a2_comment": "Cette option est incorrecte car plusieurs entités peuvent saisir la chambre disciplinaire du conseil régional de l'Ordre.",
  "option_b2": "Tout le monde peut saisir la chambre disciplinaire du conseil régional de l'Ordre.",
  "option_b2_comment": "Cette option est incorrecte car la saisine est limitée à certaines entités.",
  "option_c2": "Le conseil national de l'Ordre, un médecin, un syndicat de médecins, le directeur de l'Agence régionale de la santé, le préfet, le procureur de la République et le ministre en charge de la santé peuvent saisir la chambre disciplinaire du conseil régional de l'Ordre.",
  "option_c2_comment": "Cette option est correcte car elle liste les entités qui peuvent saisir la chambre disciplinaire du conseil régional de l'Ordre.",
  "option_d2": "Seul le directeur de l'Agence régionale de la santé peut saisir la chambre disciplinaire du conseil régional de l'Ordre.",
  "option_d2_comment": "Cette option est incorrecte car plusieurs entités peuvent saisir la chambre disciplinaire du conseil régional de l'Ordre.",
  "correct_option2": "c"
}
{
  "question1": "Quel type de responsabilité médicale est engagée lorsque un dommage lié aux soins survient sans manquement aux règles professionnelles ou scientifiques, ni erreur?",
  "question1_comment": "Cette question évalue la compréhension de la définition de la responsabilité sans faute. Attention aux options qui semblent plausibles mais sont incorrectes.",
  "option_a1": "Responsabilité par faute",
  "option_a1_comment": "Cette option est incorrecte car elle implique une faute, ce qui n'est pas le cas de la responsabilité sans faute.",
  "option_b1": "Responsabilité sans faute",
  "option_b1_comment": "Cette option est correcte car elle correspond à la définition de la responsabilité sans faute.",
  "option_c1": "Responsabilité civile",
  "option_c1_comment": "Cette option est incorrecte car elle est trop large et ne spécifie pas la nature de la responsabilité.",
  "option_d1": "Responsabilité pénale",
  "option_d1_comment": "Cette option est incorrecte car elle implique une faute pénale, ce qui n'est pas le cas de la responsabilité sans faute.",
  "correct_option1": "b",

  "question2": "Quel est l'exemple de système d'indemnisation pour lequel la responsabilité peut être engagée à partir d'un autre fait générateur que la faute prouvée?",
  "question2_comment": "Cette question évalue la compréhension de l'exemple de système d'indemnisation pour la responsabilité sans faute. Attention aux options qui semblent plausibles mais sont incorrectes.",
  "option_a2": "Infection nosocomiale",
  "option_a2_comment": "Cette option est correcte car elle correspond à l'exemple donné dans le texte.",
  "option_b2": "Erreur médicale",
  "option_b2_comment": "Cette option est incorrecte car elle implique une faute, ce qui n'est pas le cas de la responsabilité sans faute.",
  "option_c2": "Dommage lié aux soins",
  "option_c2_comment": "Cette option est incorrecte car elle est trop large et ne spécifie pas la nature du système d'indemnisation.",
  "option_d2": "Responsabilité pénale",
  "option_d2_comment": "Cette option est incorrecte car elle implique une faute pénale, ce qui n'est pas le cas de la responsabilité sans faute.",
  "correct_option2": "a"
}
{
  "question1": "Quels sont les droits du patient qui peuvent constituer un fait générateur de responsabilité médicale pour faute?",
  "question1_comment": "Cette question évalue la compréhension des droits du patient et de leur relation avec la responsabilité médicale.",
  "option_a1": "Le droit à la protection de la santé et le droit au respect de la dignité",
  "option_a1_comment": "Ces deux droits sont mentionnés dans le texte comme des exemples de droits du patient qui peuvent constituer un fait générateur de responsabilité médicale.",
  "option_b1": "Le droit à la protection de la santé et le droit à ne pas subir de discrimination",
  "option_b1_comment": "Même si le droit à la protection de la santé est correct, le droit à ne pas subir de discrimination n'est pas mentionné dans le texte comme un droit du patient qui peut constituer un fait générateur de responsabilité médicale.",
  "option_c1": "Le droit au respect de la vie privée et le droit à ne pas subir de discrimination",
  "option_c1_comment": "Le droit à ne pas subir de discrimination n'est pas mentionné dans le texte comme un droit du patient qui peut constituer un fait générateur de responsabilité médicale.",
  "option_d1": "Le droit à la protection de la santé, le droit au respect de la dignité et le droit à ne pas subir de discrimination",
  "option_d1_comment": "Le droit à ne pas subir de discrimination n'est pas mentionné dans le texte comme un droit du patient qui peut constituer un fait générateur de responsabilité médicale.",
  "correct_option1": "a",

  "question2": "Quelle est la définition de la faute technique?",
  "question2_comment": "Cette question évalue la compréhension de la faute technique et de son lien avec les connaissances médicales avérées.",
  "option_a2": "Une violation des connaissances médicales avérées ou des données acquises de la science",
  "option_a2_comment": "Cette définition est correcte et correspond à la description de la faute technique dans le texte.",
  "option_b2": "Une violation des recommandations de bonnes pratiques",
  "option_b2_comment": "Même si les recommandations de bonnes pratiques sont mentionnées dans le texte, elles ne constituent pas la définition de la faute technique.",
  "option_c2": "Une violation des droits du patient",
  "option_c2_comment": "La faute technique ne concerne pas les droits du patient, mais plutôt les connaissances médicales avérées.",
  "option_d2": "Une violation des obligations professionnelles du médecin",
  "option_d2_comment": "La faute technique ne concerne pas les obligations professionnelles du médecin, mais plutôt les connaissances médicales avérées.",
  "correct_option2": "a"
}
{
  "question1": "Quel est le type d'erreur qui se produit lorsqu'une action nécessaire n'a pas été faite?",
  "question1_comment": "Cette question évalue la compréhension des types d'erreurs médicales. Attention aux options similaires!",
  "option_a1": "Erreur par commission",
  "option_a1_comment": "C'est une erreur qui se produit lorsqu'une action inutile est faite.",
  "option_b1": "Erreur par omission",
  "option_b1_comment": "C'est la bonne réponse! L'erreur par omission se produit lorsqu'une action nécessaire n'a pas été faite.",
  "option_c1": "Erreur d'exécution",
  "option_c1_comment": "C'est une erreur qui se produit lorsqu'une action est mal réalisée.",
  "option_d1": "Violation",
  "option_d1_comment": "C'est un type de non-conformité, pas une erreur par omission.",
  "correct_option1": "b",

  "question2": "Quel est le résultat d'un événement indésirable grave (EIG)?",
  "question2_comment": "Cette question évalue la compréhension des conséquences des erreurs médicales. Attention aux options similaires!",
  "option_a2": "Une prolongation d'hospitalisation d'un jour",
  "option_a2_comment": "C'est un résultat possible d'un EIG, mais pas le seul.",
  "option_b2": "Un décès ou une complication grave",
  "option_b2_comment": "C'est la bonne réponse! Un EIG peut entraîner un décès ou une complication grave.",
  "option_c2": "Une amélioration de la santé du patient",
  "option_c2_comment": "C'est le contraire de ce qui se produit en cas d'EIG.",
  "option_d2": "Une augmentation des coûts médicaux",
  "option_d2_comment": "C'est un effet possible d'un EIG, mais pas le résultat principal.",
  "correct_option2": "b"
}
{
  "question1": "Quel est l'événement indésirable qui entraîne un dommage anormal au regard de l'évolution prévisible de l'état de santé?",
  "question1_comment": "Cette question évalue la compréhension de la définition de l'accident médical.",
  "option_a1": "Une erreur d'un professionnel de santé",
  "option_a1_comment": "C'est une cause possible d'accident médical, mais pas la définition.",
  "option_b1": "Un événement indésirable survenu au cours d'un acte de soin, de prévention ou de diagnostic",
  "option_b1_comment": "C'est la définition correcte de l'accident médical.",
  "option_c1": "Un effet secondaire d'un médicament",
  "option_c1_comment": "C'est un concept lié à l'affection iatrogène, mais pas la définition de l'accident médical.",
  "option_d1": "Un accident de travail",
  "option_d1_comment": "C'est un concept distinct de l'accident médical.",
  "correct_option1": "b",

  "question2": "Qu'est-ce que les affections iatrogènes?",
  "question2_comment": "Cette question évalue la compréhension de la définition des affections iatrogènes.",
  "option_a2": "Tous les effets secondaires d'un médicament",
  "option_a2_comment": "C'est trop large et ne correspond pas à la définition.",
  "option_b2": "Les effets néfastes qui peuvent être provoqués par un traitement ou un acte médical",
  "option_b2_comment": "C'est la définition correcte des affections iatrogènes.",
  "option_c2": "Les erreurs médicales",
  "option_c2_comment": "C'est un concept distinct des affections iatrogènes.",
  "option_d2": "Les accidents médicaux",
  "option_d2_comment": "C'est un concept distinct des affections iatrogènes.",
  "correct_option2": "b"
}
{
  "question1": "Quelle est la définition d'une infection nosocomiale?",
  "question1_comment": "Cette question évalue la compréhension de la définition d'une infection nosocomiale. Attention aux options qui semblent plausibles mais sont incorrectes.",
  "option_a1": "Infection contractée à l'extérieur de l'établissement de santé",
  "option_a1_comment": "Cette option est incorrecte car elle ne correspond pas à la définition d'une infection nosocomiale.",
  "option_b1": "Infection présente au moment de l'admission du patient",
  "option_b1_comment": "Cette option est incorrecte car elle ne correspond pas à la définition d'une infection nosocomiale.",
  "option_c1": "Infection contractée au cours d'un séjour dans un établissement de santé",
  "option_c1_comment": "Cette option est correcte car elle correspond à la définition d'une infection nosocomiale.",
  "option_d1": "Infection causée par un médicament",
  "option_d1_comment": "Cette option est incorrecte car elle ne correspond pas à la définition d'une infection nosocomiale.",
  "correct_option1": "c",

  "question2": "Quel est le délai après lequel une infection est considérée comme nosocomiale si l'état infectieux du patient à l'admission est inconnu?",
  "question2_comment": "Cette question évalue la compréhension du délai après lequel une infection est considérée comme nosocomiale. Attention aux options qui semblent plausibles mais sont incorrectes.",
  "option_a2": "24 heures",
  "option_a2_comment": "Cette option est incorrecte car elle ne correspond pas au délai mentionné dans le texte.",
  "option_b2": "48 heures",
  "option_b2_comment": "Cette option est correcte car elle correspond au délai mentionné dans le texte.",
  "option_c2": "72 heures",
  "option_c2_comment": "Cette option est incorrecte car elle ne correspond pas au délai mentionné dans le texte.",
  "option_d2": "96 heures",
  "option_d2_comment": "Cette option est incorrecte car elle ne correspond pas au délai mentionné dans le texte.",
  "correct_option2": "b"
}
{
  "question1": "Quel est le caractère principal qui distingue l'aléa thérapeutique des erreurs médicales?",
  "question1_comment": "Cette question évalue la compréhension de la définition de l'aléa thérapeutique. Attention aux options qui semblent plausibles mais sont incorrectes.",
  "option_a1": "L'aléa thérapeutique est une erreur médicale qui peut être évitée.",
  "option_a1_comment": "Cette option est incorrecte car l'aléa thérapeutique est inévitable.",
  "option_b1": "L'aléa thérapeutique est une action de soins conforme qui ne comporte pas d'erreur.",
  "option_b1_comment": "Cette option est correcte car l'aléa thérapeutique est lié à la réalisation d'un risque inhérent à l'action de soins.",
  "option_c1": "L'aléa thérapeutique est une affection iatrogène causée par une faute des professionnels de santé.",
  "option_c1_comment": "Cette option est incorrecte car l'aléa thérapeutique est survenu sans responsabilité des professionnels de santé.",
  "option_d1": "L'aléa thérapeutique est un effet secondaire d'un médicament incorrectement prescrit.",
  "option_d1_comment": "Cette option est incorrecte car l'aléa thérapeutique est lié à un effet secondaire d'un médicament correctement prescrit.",
  "correct_option1": "b",

  "question2": "Quel est l'exemple d'un aléa thérapeutique selon la jurisprudence?",
  "question2_comment": "Cette question évalue la compréhension de la définition de l'aléa thérapeutique. Attention aux options qui semblent plausibles mais sont incorrectes.",
  "option_a2": "La survenue d'un effet secondaire d'un médicament incorrectement prescrit.",
  "option_a2_comment": "Cette option est incorrecte car l'aléa thérapeutique est lié à un effet secondaire d'un médicament correctement prescrit.",
  "option_b2": "La survenue d'un effet secondaire d'un médicament correctement prescrit.",
  "option_b2_comment": "Cette option est correcte car l'aléa thérapeutique est lié à la réalisation d'un risque inhérent à l'action de soins.",
  "option_c2": "Une erreur médicale qui peut être évitée.",
  "option_c2_comment": "Cette option est incorrecte car l'aléa thérapeutique est inévitable.",
  "option_d2": "Une affection iatrogène causée par une faute des professionnels de santé.",
  "option_d2_comment": "Cette option est incorrecte car l'aléa thérapeutique est survenu sans responsabilité des professionnels de santé.",
  "correct_option2": "b"
}
{
  "question1": "Quels sont les principaux facteurs conduisant à l'ouverture d'un contentieux à la suite d'un accident médical?",
  "question1_comment": "Cette question évalue la compréhension des facteurs qui peuvent conduire à un contentieux médical. Attention aux options qui peuvent sembler plausibles mais sont incorrectes.",
  "option_a1": "Seulement les facteurs liés au patient",
  "option_a1_comment": "C'est incorrect car les facteurs liés à l'équipe, à l'environnement de travail, à l'organisation et au contexte institutionnel peuvent également contribuer à un contentieux.",
  "option_b1": "Tous les facteurs mentionnés sont pertinents",
  "option_b1_comment": "C'est correct car les facteurs liés au patient, aux tâches à accomplir, à l'équipe, à l'environnement de travail, à l'organisation et au contexte institutionnel peuvent tous contribuer à un contentieux.",
  "option_c1": "Seulement les facteurs liés à l'équipe",
  "option_c1_comment": "C'est incorrect car les facteurs liés au patient, aux tâches à accomplir, à l'environnement de travail, à l'organisation et au contexte institutionnel peuvent également contribuer à un contentieux.",
  "option_d1": "Aucun facteur n'est pertinent",
  "option_d1_comment": "C'est incorrect car les facteurs mentionnés sont tous pertinents pour comprendre les causes d'un contentieux médical.",
  "correct_option1": "b",

  "question2": "Quel est le principal facteur de vulnérabilité des patients qui peuvent contribuer à un contentieux médical?",
  "question2_comment": "Cette question évalue la compréhension des facteurs de vulnérabilité des patients. Attention aux options qui peuvent sembler plausibles mais sont incorrectes.",
  "option_a2": "Les patients atteints de maladies chroniques",
  "option_a2_comment": "C'est incorrect car bien que les patients atteints de maladies chroniques soient vulnérables, ce n'est pas le principal facteur de vulnérabilité.",
  "option_b2": "Les personnes âgées",
  "option_b2_comment": "C'est incorrect car bien que les personnes âgées soient vulnérables, ce n'est pas le principal facteur de vulnérabilité.",
  "option_c2": "Les patients atteints d'un handicap",
  "option_c2_comment": "C'est correct car les patients atteints d'un handicap sont souvent vulnérables et peuvent contribuer à un contentieux médical.",
  "option_d2": "Les patients atteints de maladies chroniques et les personnes âgées",
  "option_d2_comment": "C'est incorrect car bien que ces patients soient vulnérables, ce n'est pas le principal facteur de vulnérabilité.",
  "correct_option2": "c"
}
{
  "question1": "Quels sont les facteurs humains individuels qui peuvent conduire à des erreurs?",
  "question1_comment": "Cette question évalue la compréhension des facteurs humains individuels qui peuvent conduire à des erreurs. Attention aux options plausibles mais incorrectes.",
  "option_a1": "Le manque de connaissances, de compétences, d'expérience",
  "option_a1_comment": "C'est un facteur humain individuel qui peut conduire à des erreurs.",
  "option_b1": "Le stress, le manque de temps, la fatigue, la maladie",
  "option_b1_comment": "C'est un facteur humain individuel qui peut conduire à des erreurs.",
  "option_c1": "Les facteurs linguistiques ou culturels",
  "option_c1_comment": "C'est un facteur humain individuel qui peut conduire à des erreurs.",
  "option_d1": "Les facteurs liés au patient",
  "option_d1_comment": "C'est un facteur humain collectif qui peut conduire à des erreurs.",
  "correct_option1": "a",

  "question2": "Quel est le résultat d'une organisation qui met en place des dispositifs d'identification, d'analyse et de prévention des erreurs?",
  "question2_comment": "Cette question évalue la compréhension de l'organisation apprenante. Attention aux options plausibles mais incorrectes.",
  "option_a2": "Une organisation qui ne prend pas en compte les erreurs",
  "option_a2_comment": "C'est le contraire de l'organisation apprenante.",
  "option_b2": "Une organisation qui ne prend pas en compte les erreurs",
  "option_b2_comment": "C'est le contraire de l'organisation apprenante.",
  "option_c2": "Une organisation apprenante",
  "option_c2_comment": "C'est le résultat d'une organisation qui met en place des dispositifs d'identification, d'analyse et de prévention des erreurs.",
  "option_d2": "Une organisation qui ne prend pas en compte les erreurs",
  "option_d2_comment": "C'est le contraire de l'organisation apprenante.",
  "correct_option2": "c"
}
{
  "question1": "Quel est le but de l'analyse approfondie des causes d'erreur dans la gestion des erreurs et des plaintes?",
  "question1_comment": "Cette question évalue la compréhension de l'objectif de l'analyse approfondie des causes d'erreur.",
  "option_a1": "Identifier les causes racines des erreurs",
  "option_a1_comment": "Cette option est correcte car l'analyse approfondie des causes d'erreur vise à identifier les causes racines des erreurs.",
  "option_b1": "Prévenir les erreurs",
  "option_b1_comment": "Cette option est incorrecte car l'analyse approfondie des causes d'erreur est une approche a posteriori.",
  "option_c1": "Récupérer les erreurs",
  "option_c1_comment": "Cette option est incorrecte car l'analyse approfondie des causes d'erreur vise à identifier les causes racines des erreurs, pas à les récupérer.",
  "option_d1": "Atténuer les conséquences des erreurs",
  "option_d1_comment": "Cette option est incorrecte car l'analyse approfondie des causes d'erreur vise à identifier les causes racines des erreurs, pas à atténuer leurs conséquences.",
  "correct_option1": "a",

  "question2": "Quels sont les trois types de barrières de sécurité?",
  "question2_comment": "Cette question évalue la compréhension des trois types de barrières de sécurité.",
  "option_a2": "Barrières de prévention, barrières de récupération et barrières d'atténuation",
  "option_a2_comment": "Cette option est correcte car les trois types de barrières de sécurité sont bien identifiés.",
  "option_b2": "Barrières de prévention et barrières d'atténuation",
  "option_b2_comment": "Cette option est incorrecte car elle ne mentionne pas les barrières de récupération.",
  "option_c2": "Barrières de récupération et barrières d'atténuation",
  "option_c2_comment": "Cette option est incorrecte car elle ne mentionne pas les barrières de prévention.",
  "option_d2": "Barrières de prévention, barrières de récupération et barrières de sécurité",
  "option_d2_comment": "Cette option est incorrecte car elle mentionne une barrière de sécurité qui n'existe pas.",
  "correct_option2": "a"
}
