✓ Subset de sheets : 1-3

========================================
  Modèles : gemma4_31b magistral_small nemotron_nano_30b qwen3_5_35b_a3b
========================================

════════════════════════════════════════
  Modèle : gemma4_31b
════════════════════════════════════════

--- [old] Modèle : gemma4_31b ---
  → Génération...
Number of lisa sheets : 1592
✓ Subset : 3 lisa sheets (indexes: ['1-3'])
[WARN] Génération échouée pour gemma4_31b/old, on continue.

--- [new] Modèle : gemma4_31b ---
  → Génération...
Number of lisa sheets : 1592
✓ Subset : 3 lisa sheets (indexes: ['1-3'])
[WARN] Génération échouée pour gemma4_31b/new, on continue.

════════════════════════════════════════
  Modèle : magistral_small
════════════════════════════════════════

--- [old] Modèle : magistral_small ---
  → Génération...
Number of lisa sheets : 1592
✓ Subset : 3 lisa sheets (indexes: ['1-3'])
[prompt_builder] PROMPT_SYSTEM=old → ancien prompt
Erreur détectée (ValueError), relance...
[prompt_builder] PROMPT_SYSTEM=old → ancien prompt
Erreur détectée (ValueError), relance...
[prompt_builder] PROMPT_SYSTEM=old → ancien prompt
Erreur détectée (ValueError), relance...
[prompt_builder] PROMPT_SYSTEM=old → ancien prompt
Erreur détectée (ValueError), relance...
[prompt_builder] PROMPT_SYSTEM=old → ancien prompt
Erreur détectée (ValueError), relance...
Nombre d'essais dépassé, passage au Lisa Sheet suivant
[prompt_builder] PROMPT_SYSTEM=old → ancien prompt
Erreur détectée (ValueError), relance...
[prompt_builder] PROMPT_SYSTEM=old → ancien prompt
Erreur détectée (ValueError), relance...
[prompt_builder] PROMPT_SYSTEM=old → ancien prompt
Erreur détectée (ValueError), relance...
[prompt_builder] PROMPT_SYSTEM=old → ancien prompt
Erreur détectée (ValueError), relance...
[prompt_builder] PROMPT_SYSTEM=old → ancien prompt
Erreur détectée (ValueError), relance...
Nombre d'essais dépassé, passage au Lisa Sheet suivant
[prompt_builder] PROMPT_SYSTEM=old → ancien prompt
Erreur détectée (ValueError), relance...
[prompt_builder] PROMPT_SYSTEM=old → ancien prompt
Erreur détectée (ValueError), relance...
[prompt_builder] PROMPT_SYSTEM=old → ancien prompt
Erreur détectée (ValueError), relance...
[prompt_builder] PROMPT_SYSTEM=old → ancien prompt
Erreur détectée (ValueError), relance...
[prompt_builder] PROMPT_SYSTEM=old → ancien prompt
Erreur détectée (ValueError), relance...
Nombre d'essais dépassé, passage au Lisa Sheet suivant
[WARN] Génération échouée pour magistral_small/old, on continue.

--- [new] Modèle : magistral_small ---
  → Génération...
Number of lisa sheets : 1592
✓ Subset : 3 lisa sheets (indexes: ['1-3'])
[prompt_builder] searching GraphDB for: 'Responsabilités médicale pénale, civile, administrative et disciplinaire'
[prompt_builder] enriched prompt → Item 5 (15 objectives)
Erreur détectée (ValueError), relance...
[prompt_builder] searching GraphDB for: 'Responsabilités médicale pénale, civile, administrative et disciplinaire'
[prompt_builder] enriched prompt → Item 5 (15 objectives)
Erreur détectée (ValueError), relance...
[prompt_builder] searching GraphDB for: 'Responsabilités médicale pénale, civile, administrative et disciplinaire'
[prompt_builder] enriched prompt → Item 5 (15 objectives)
Erreur détectée (ValueError), relance...
[prompt_builder] searching GraphDB for: 'Responsabilités médicale pénale, civile, administrative et disciplinaire'
[prompt_builder] enriched prompt → Item 5 (15 objectives)
Erreur détectée (ValueError), relance...
[prompt_builder] searching GraphDB for: 'Responsabilités médicale pénale, civile, administrative et disciplinaire'
[prompt_builder] enriched prompt → Item 5 (15 objectives)
Erreur détectée (ValueError), relance...
Nombre d'essais dépassé, passage au Lisa Sheet suivant
[prompt_builder] searching GraphDB for: 'Responsabilités médicale pénale, civile, administrative et disciplinaire'
[prompt_builder] enriched prompt → Item 5 (15 objectives)
Erreur détectée (ValueError), relance...
[prompt_builder] searching GraphDB for: 'Responsabilités médicale pénale, civile, administrative et disciplinaire'
[prompt_builder] enriched prompt → Item 5 (15 objectives)
Erreur détectée (ValueError), relance...
[prompt_builder] searching GraphDB for: 'Responsabilités médicale pénale, civile, administrative et disciplinaire'
[prompt_builder] enriched prompt → Item 5 (15 objectives)
Erreur détectée (ValueError), relance...
[prompt_builder] searching GraphDB for: 'Responsabilités médicale pénale, civile, administrative et disciplinaire'
[prompt_builder] enriched prompt → Item 5 (15 objectives)
Erreur détectée (ValueError), relance...
[prompt_builder] searching GraphDB for: 'Responsabilités médicale pénale, civile, administrative et disciplinaire'
[prompt_builder] enriched prompt → Item 5 (15 objectives)
Erreur détectée (ValueError), relance...
Nombre d'essais dépassé, passage au Lisa Sheet suivant
[prompt_builder] searching GraphDB for: 'Responsabilités médicale pénale, civile, administrative et disciplinaire'
[prompt_builder] enriched prompt → Item 5 (15 objectives)
Erreur détectée (ValueError), relance...
[prompt_builder] searching GraphDB for: 'Responsabilités médicale pénale, civile, administrative et disciplinaire'
[prompt_builder] enriched prompt → Item 5 (15 objectives)
Erreur détectée (ValueError), relance...
[prompt_builder] searching GraphDB for: 'Responsabilités médicale pénale, civile, administrative et disciplinaire'
[prompt_builder] enriched prompt → Item 5 (15 objectives)
Erreur détectée (ValueError), relance...
[prompt_builder] searching GraphDB for: 'Responsabilités médicale pénale, civile, administrative et disciplinaire'
[prompt_builder] enriched prompt → Item 5 (15 objectives)
Erreur détectée (ValueError), relance...
[prompt_builder] searching GraphDB for: 'Responsabilités médicale pénale, civile, administrative et disciplinaire'
[prompt_builder] enriched prompt → Item 5 (15 objectives)
Erreur détectée (ValueError), relance...
Nombre d'essais dépassé, passage au Lisa Sheet suivant
[WARN] Génération échouée pour magistral_small/new, on continue.

════════════════════════════════════════
  Modèle : nemotron_nano_30b
════════════════════════════════════════

--- [old] Modèle : nemotron_nano_30b ---
  → Génération...
Number of lisa sheets : 1592
✓ Subset : 3 lisa sheets (indexes: ['1-3'])
